# 7.6.2021
started new screen
ecalfee@farm:~$ srun -p high2 --mem 16G -t 10-00:00:00 --pty bash
ecalfee@c6-54:~$ module load conda3
ecalfee@c6-54:~$ source activate hilo-env
hilo$ ls mhl1_inv/results/HILO_MAIZE55_PARV50/K3/Ne10000_yesBoot/ # has no files so it should re-run
# uncommented a bunch of results/plots for diversity and mhl1_inv to try to run on snakemake
(hilo-env) ecalfee@c6-54:~/hilo$ snakemake -n some diversity --profile slurm --quiet
MissingInputException in line 436 of /home/ecalfee/hilo/Snakefile:
Missing input files for rule diversity: # oops I needed to import diversity/Snakefile -- trying again:
(hilo-env) ecalfee@c6-54:~/hilo$ snakemake some diversity --profile slurm --quiet
Job counts:
        count   jobs
        4       calc_fst_all_outliers
        4       calc_fst_idx_outliers
        2       calc_pi_all_chr
        8       calc_pi_all_outliers
        5       calc_thetas_outliers
        1       diversity
        4       estimate_saf_pop_outliers
        2       get_GL_mhl1_inv
        2       get_mhl1_inv_coord
        2       plot_mhl1_inv
        2       plot_mhl1_inv_PCAngsd
        1       plot_shared_peaks # errors -- check
        2       plot_within_ancestry_fst # errors -- check
        1       plot_within_ancestry_fst_pi_peaks
        1       print_fst_ancestry_peaks_one_file
        1       print_pi_mexicana_peaks_one_file
        1       print_pi_one_file
        2       run_PCAngsd_mhl1_inv
        1       some
        46 # RUNNING 7.6.2021 after using --unlock (not sure why the directory was locked .. nothing is running of mine on squeue but perhaps the 10 days timed out and killed previous snakemake if there were errors in creating some files (?))

# I don't understand why there are no updates to this figure (doesn't trigger git to add and it's made June 9 but I thought it'd rerun..):
hilo_manuscript$ git add figures/HILO_MAIZE55_PARV50_K3_Ne10000_yesBoot_mhl1_inv_pca.png
# hmmm... I need to check on this!
ecalfee@c6-54:~/hilo_manuscript$ ls -lh figures_supp/HILO_MAIZE55_PARV50_K3_Ne10000_yesBoot_mhl1_inv_pca.tif
-rw-rw-r-- 1 ecalfee ecalfee 141K Jul  6 13:05 figures_supp/HILO_MAIZE55_PARV50_K3_Ne10000_yesBoot_mhl1_inv_pca.tif
ecalfee@c6-54:~/hilo_manuscript$ ls -lh figures/HILO_MAIZE55_PARV50_K3_Ne10000_yesBoot_mhl1_inv_pca.png
-rw-rw-r-- 1 ecalfee ecalfee 148K Jun  9 07:31 figures/HILO_MAIZE55_PARV50_K3_Ne10000_yesBoot_mhl1_inv_pca.png
# re-doing some tables and adding them to rule 'some':
hilo_manuscript$ git rm -f tables/spearmans_rho_f4_sympatric_mexicana_pop22.tex
rm 'tables/spearmans_rho_f4_sympatric_mexicana_pop22.tex'
ecalfee@c6-54:~/hilo_manuscript$ rm ../hilo/ancestry_by_r/tables/spearmans_rho_f4_sympatric_mexicana_pop22.tex
# updated all the main and supporting figures/tables in rule all for K=3 analyses. Now running snakemake to see what still needs to be completed:
hilo$ snakemake -n all --profile slurm --quiet
Missing input files for rule all:
../hilo_manuscript/figures_supp/HILO_MAIZE55_PARV50_K3_Ne10000_yesBoot/maize_shared_outliers_chr_9.tif # fixed / -> _
domestication_scan/tables/HILO_MAIZE55_PARV50_K3_Ne10000_yesBoot_genes_mapped_to_outliers.tex # folder should be ZAnc/tables
diversity/plots/HILO_MAIZE55_PARV50_K3_Ne10000_yesBoot_pi_within_maize_ancestry_peaks.png # not peaks, just within maize ancestry generally
diversity/plots/HILO_MAIZE55/HILO_MAIZE55_PARV50_K3_Ne10000_yesBoot_local_fst_within_mexicana_ancestry_peaks.png # removed extra HILO_MAIZE55/
hilo$ snakemake all --profile slurm --quiet
Job counts:
        count   jobs
        1       all
        2       calc_and_plot_f4 # Error executing rule calc_and_plot_f4 on cluster (jobid: 6, external: 36692430)
        # error is more complicated..need to inspect further maybe running the script manually
        85      do_abba_baba # not entirely sure why this rerun was triggered but ok
        # Error executing rule do_abba_baba on cluster (jobid: 6977, external: ) OUT OF MEMORY (see if it works on rerun)
        1       f4_from_abba_baba
        4       plot_mean_anc
        1       plot_shared_peaks # Error executing rule plot_shared_peaks on cluster (jobid: 4, external: 36692463. Fixed: needed to output tif to figures_supp/
        1       plot_within_ancestry_fst
        95 # RUNNING 6.7.2021
stuck on an abba baba but nothing running on squeue so I did CTRL+C to cancel this snakemake 7.8.2021
hilo$ snakemake -n all --profile slurm --quiet

# fixed main figure on ancestry ~ r and removed old file to trigger a rerun next time I do snakemake:
hilo$ rm ancestry_by_r/plots/HILO_MAIZE55_PARV50_K3_by_r_multi_panel.png

# SOME RULES WERE RUNNING BUT FOR SOME REASON THIS LOG CRASHED AND DIDN'T SAVE THE JOB LOG  I'D COPY PASTED IN :( .
# anyways, rules runing included making Ne plots and re-making multi-panel as well as some abba baba and f4 that didn't run successfully
# some errors:
plot_shared_peaks 36718769 # fixed typo
Job completed successfully, but some output files are missing. Missing files after 120 seconds:
../hilo_manuscript/figures_supp/HILO_MAIZE55_PARV50_K3_Ne10000_yesBoot_combmatrix_peak_sharing_mexicana.tif
calc_and_plot_f4 36718743 # See if abba_baba's finishing fixes this (?)
Called processing error for snakemake??
Warning messages:
1: In ggs[i] <- p :
  number of items to replace is not a multiple of replacement length


# deleted some files so they'll rerun:
ecalfee@c6-56:~/hilo$ rm global_ancestry/plots/HILO_MAIZE55_PARV50_pca.png
ecalfee@c6-56:~/hilo$ rm mhl1_inv/plots/HILO_MAIZE55_PARV50_K3_Ne10000_yesBoot_mhl1_inv_pca.png


# f4 from abba_baba failed a few times e.g. 36720743
hilo$ snakemake all --profile slurm --quiet # 7.8.2021 6:30pm
# plot_within_ancestry_fst failed 36721164 # Error in grDevices::png(..., res = dpi, units = "in") : invalid 'filename' argument
# also calc_and_plot_f4 failed 36721167
# and plot_mean_anc failed 36721163 # FIXED: needed to remove shadow or just make a different script to combine the supplementary figs for this...

hilo$ snakemake -n all --profile slurm --quiet
Job counts:
        count   jobs
        1       all
        2       calc_and_plot_f4 # error with vector instead of list to save gg plots together
        1       combine_supp_genome_scan_plots
        3       plot_mean_anc
        1       plot_sensitivity_to_Ne_K3 # fixed. needed to load  meta data within lapply for each Ne combo. Hmm.. failed again: 36727312
        1       plot_within_ancestry_fst
        9

- added a tbl output to bootstrap NGSAdmix summary script: HOW MANY BOOTSTRAPS 'AMBIGUOUS' for NGSAdmix ancestry? Add 2 methods...say a range of how many were dropped per set of bootstraps (or max or something).
Ran snakemake rule all (didn't capture log to run here):
# summarise_bootstrap_anc_by_r tried to rerun but had an error 36727482 - fixed X = to x = in write.table()
# calc and plot f4s also triggered an error again:36727490 - fixed [] to [[]]
did crtl+c because of these errors.
# deleted file to trigger rerun on next snakemake
hilo$ rm ZAnc/tables/HILO_MAIZE55_PARV50_K3_Ne10000_yesBoot_genes_mapped_to_outliers.tex
hilo$ snakemake all --profile slurm --quiet
Job counts:
        count   jobs
        1       all
        2       calc_and_plot_f4
        1       combine_genome_scan_plots # must have been triggered from rerunning plot_mean_anc
        1       plot_bootstrap_NGSadmix_by_r_K3
        1       plot_sensitivity_to_Ne_K3 # error: 36727516. now I've fixed typo PREFIX -> prefix
        2       summarise_bootstrap_anc_by_r
        1       test_key_genes # error: 36727522. got rid of reference to 'name_short'
        9
hilo$ snakemake all --profile slurm --quiet # RUNNING 7.9.2021 12:33pm
Job counts:
        count   jobs
        1       all
        1       combine_genome_scan_plots
        1       plot_sensitivity_to_Ne_K3 # didn't run: 36727656 - adding xtable library to script
        1       test_key_genes
        4

Plot introgression patterns at HPCI (CHECK ON HPC1 RESULTS)
hilo$ snakemake all --profile slurm --quiet
Job counts:
        count   jobs
        1       all
        1       plot_hpc1_anc
        1       plot_sensitivity_to_Ne_K3
        3 # completed 7.13.2021
# removed ancestry ~ r/cd supplementary plots so they are remade
hilo$ rm ancestry_by_r/plots/HILO_MAIZE55_PARV50_K3_by_*_bootstrap_sympatric_and_allopatric.png
hilo$ Job counts:
        count   jobs
        1       all
        1       plot_bootstrap_NGSadmix_by_r_K3
        2

hilo$ rm ancestry_by_r/plots/HILO_MAIZE55_PARV50_K3_by_*_bootstrap_sympatric_and_allopatric.png
hilo$ snakemake all --profile slurm --quiet # 7.14.2021 4:20pm
Job counts:
        count   jobs
        1       all
        1       plot_bootstrap_NGSadmix_by_r_K3
        2 # updated and in overleaf
rm ZAnc/plots/Ne10000_yesBoot/multi_maize_mexicana_genome_scan.png
rm ZAnc/plots/HILO_MAIZE55_PARV50_K3_Ne10000_yesBoot_supp_maize_mexicana_genome_scan.png
hilo$ snakemake all --profile slurm --quiet                                                                                         Job counts:
        count   jobs
        1       all
        1       combine_supp_genome_scan_plots
        2 # ran the supplementary figure again but didn't remove the right one to get a rerun for the main figure:
(hilo-env) ecalfee@c6-54:~/hilo$ rm ZAnc/plots/HILO_MAIZE55_PARV50_K3_Ne10000_yesBoot_multi_maize_mexicana_genome_scan.png
(hilo-env) ecalfee@c6-54:~/hilo$ snakemake all --profile slurm --quiet
# oops try to cancel. needed to update scripts first:
# (still need to delete these 2 again:)
hilo$ rm ZAnc/plots/HILO_MAIZE55_PARV50_K3_Ne10000_yesBoot_multi_maize_mexicana_genome_scan.png
hilo$ rm ZAnc/plots/HILO_MAIZE55_PARV50_K3_Ne10000_yesBoot_supp_maize_mexicana_genome_scan.png
hilo$ snakemake all --profile slurm --quiet
Job counts:
        count   jobs
        1       all
        1       combine_genome_scan_plots
        1       combine_supp_genome_scan_plots
        1       plot_mean_anc
        4 # done 7.15.2021
# remake within ancestry diversity plots
(hilo-env) ecalfee@c6-54:~/hilo$ rm diversity/plots/HILO_MAIZE55_PARV50_K3_Ne10000_yesBoot_local_fst_within_mexicana_ancestry_peaks.png
(hilo-env) ecalfee@c6-54:~/hilo$ rm diversity/plots/HILO_MAIZE55_PARV50_K3_Ne10000_yesBoot_pi_within_maize_ancestry.png
(hilo-env) ecalfee@c6-54:~/hilo$ rm diversity/plots/HILO_MAIZE55_PARV50_K3_Ne10000_yesBoot_pi_within_mexicana_ancestry_peaks.png
# remake hpc1 and inv9f plots for better FDR lines (simpler hpc1 and add to inv9f)
hilo$ rm ZAnc/plots/HILO_MAIZE55_PARV50_K3_Ne10000_yesBoot_hpc1_lm_ancestry.png
hilo$ rm mhl1_inv/plots/HILO_MAIZE55/Ne10000_yesBoot/mhl1_inv_ancestry.png
hilo$ snakemake all --profile slurm --quiet
Job counts:
        count   jobs
        1       all
        1       plot_hpc1_anc
        1       plot_within_ancestry_fst_pi_peaks
        3 # done but wanted to replot mhl1 too
hilo$ rm mhl1_inv/plots/HILO_MAIZE55_PARV50_K3_Ne10000_yesBoot_mhl1_inv_ancestry.png
hilo$ snakemake mhl1_inv/plots/HILO_MAIZE55_PARV50_K3_Ne10000_yesBoot_mhl1_inv_ancestry.png --profile slurm --quiet
Job counts:
    count   jobs
    1       plot_mhl1_inv
    1 # redo again to add the FDR line:
    hilo$ snakemake mhl1_inv/plots/HILO_MAIZE55_PARV50_K3_Ne10000_yesBoot_mhl1_inv_ancestry.png --profile slurm --quiet
    Job counts:
        count   jobs
        1       plot_mhl1_inv
        1
hilo$ rm ZAnc/plots/HILO_MAIZE55_PARV50_K3_Ne10000_yesBoot_multi_maize_mexicana_genome_scan.png
hilo$ snakemake all --profile slurm --quiet
# hmm something  ran..
# trigger new rerun of some plots after very minor formatting chagnes:
(hilo-env) ecalfee@c6-54:~/hilo$ rm local_ancestry/plots/HILO_MAIZE55_PARV50_K3_sensitivity_to_Ne_admix_times.png
(hilo-env) ecalfee@c6-54:~/hilo$ rm local_ancestry/plots/HILO_MAIZE55_PARV50_K3_admix_times_Ne10000_yesBoot.png
(hilo-env) ecalfee@c6-54:~/hilo$ rm ZAnc/plots/HILO_MAIZE55_PARV50_K3_Ne10000_yesBoot_supp_parv_genome_scan.png
(hilo-env) ecalfee@c6-54:~/hilo$ rm ZAnc/plots/HILO_MAIZE55_PARV50_K3_Ne10000_yesBoot_multi_maize_mexicana_genome_scan.png

# also redo counting of # bootstraps with ambiguous ancestry calls:
hilo$ rm ancestry_by_r/results/bootstrap_1cM/HILO_MAIZE55_PARV50/r5_K3_boot_drop_stats.txt
hilo$ rm ancestry_by_r/results/bootstrap_1cM/HILO_MAIZE55_PARV50/cd5_K3_boot_drop_stats.txt
hilo$ snakemake all --profile slurm --quiet
Job counts:
        count   jobs
        1       all
        1       combine_genome_scan_plots
        1       combine_supp_genome_scan_plots
        1       plot_admix_times_K3
        1       plot_bootstrap_NGSadmix_by_r_K3
        1       plot_sensitivity_to_Ne_K3
        2       summarise_bootstrap_anc_by_r
        8 # COMPLETED. 7.15.2021
# re-doing domestication gene - ancestry desert overlap analysis. Using scripts from hilo/domestication_scan/Snakefile
# and updated for mexicana deserts = low maize in mexicana and maize deserts = low teosinte (i.e. high maize) in maize
hilo$ snakemake -n all --profile slurm --quiet
Job counts:
        count   jobs
        1       all
        4       calc_overlap_domestication_genes
        1       get_ancestry_domestication_genes
        1       make_table_domestication_genes
        2       merge_bed_outliers
        9 # 7.20.2021 completed.
        hilo$ snakemake domestication_scan/results/HILO_MAIZE55_PARV50/K3/Ne10000_yesBoot/domestication_genes_from_lit.plus20kb.overlap.summary_overlap_outliers.txt --quiet --profile slurm
        Job counts:
                count   jobs
                1       summarise_overlap_domestication_genes # failed : 37135633. added K as a parameter to fix.
                1 # 7.21.2021
                hilo$ snakemake domestication_scan/results/HILO_MAIZE55_PARV50/K3/Ne10000_yesBoot/domestication_genes_from_lit.plus20kb.overlap.summary_overlap_outliers.txt --quiet --profile slurm
                Job counts:
                        count   jobs
                        1       summarise_overlap_domestication_genes
                        1 # 7.21.2021
                        # check on this sentence:
                        Among these, \textit{sugary1} (\textit{su1}) in the starch pathway has low maize ancestry in \mexicana but shows a steep increase in introgressed \mexicana ancestry proportion with elevation in maize \ec{(+0.95 per km}, $<$ 5\% FDR), which suggests this gene has pleiotropic effects
                        hilo$ ls ZAnc/results/HILO_MAIZE55_PARV50/K3/Ne10000_yesBoot/m*_*_lmElev_outliers.*.bed
                        ZAnc/results/HILO_MAIZE55_PARV50/K3/Ne10000_yesBoot/maize_neg_lmElev_outliers.fdr05.bed
                        ZAnc/results/HILO_MAIZE55_PARV50/K3/Ne10000_yesBoot/maize_neg_lmElev_outliers.fdr05.merged.bed
                        ZAnc/results/HILO_MAIZE55_PARV50/K3/Ne10000_yesBoot/maize_neg_lmElev_outliers.p05.bed
                        ZAnc/results/HILO_MAIZE55_PARV50/K3/Ne10000_yesBoot/maize_neg_lmElev_outliers.p05.merged.bed
                        ZAnc/results/HILO_MAIZE55_PARV50/K3/Ne10000_yesBoot/maize_neg_lmElev_outliers.perc05.bed
                        ZAnc/results/HILO_MAIZE55_PARV50/K3/Ne10000_yesBoot/maize_neg_lmElev_outliers.perc05.merged.bed
                        ZAnc/results/HILO_MAIZE55_PARV50/K3/Ne10000_yesBoot/maize_pos_lmElev_outliers.fdr05.bed
                        ZAnc/results/HILO_MAIZE55_PARV50/K3/Ne10000_yesBoot/maize_pos_lmElev_outliers.fdr05.merged.bed
                        ZAnc/results/HILO_MAIZE55_PARV50/K3/Ne10000_yesBoot/maize_pos_lmElev_outliers.p05.bed
                        ZAnc/results/HILO_MAIZE55_PARV50/K3/Ne10000_yesBoot/maize_pos_lmElev_outliers.p05.merged.bed
                        ZAnc/results/HILO_MAIZE55_PARV50/K3/Ne10000_yesBoot/maize_pos_lmElev_outliers.perc05.bed
                        ZAnc/results/HILO_MAIZE55_PARV50/K3/Ne10000_yesBoot/maize_pos_lmElev_outliers.perc05.merged.bed
                        ZAnc/results/HILO_MAIZE55_PARV50/K3/Ne10000_yesBoot/mexicana_neg_lmElev_outliers.fdr05.bed
                        ZAnc/results/HILO_MAIZE55_PARV50/K3/Ne10000_yesBoot/mexicana_neg_lmElev_outliers.fdr05.merged.bed
                        ZAnc/results/HILO_MAIZE55_PARV50/K3/Ne10000_yesBoot/mexicana_neg_lmElev_outliers.p05.bed
                        ZAnc/results/HILO_MAIZE55_PARV50/K3/Ne10000_yesBoot/mexicana_neg_lmElev_outliers.p05.merged.bed
                        ZAnc/results/HILO_MAIZE55_PARV50/K3/Ne10000_yesBoot/mexicana_neg_lmElev_outliers.perc05.bed
                        ZAnc/results/HILO_MAIZE55_PARV50/K3/Ne10000_yesBoot/mexicana_neg_lmElev_outliers.perc05.merged.bed
                        ZAnc/results/HILO_MAIZE55_PARV50/K3/Ne10000_yesBoot/mexicana_pos_lmElev_outliers.fdr05.bed
                        ZAnc/results/HILO_MAIZE55_PARV50/K3/Ne10000_yesBoot/mexicana_pos_lmElev_outliers.fdr05.merged.bed
                        ZAnc/results/HILO_MAIZE55_PARV50/K3/Ne10000_yesBoot/mexicana_pos_lmElev_outliers.p05.bed
                        ZAnc/results/HILO_MAIZE55_PARV50/K3/Ne10000_yesBoot/mexicana_pos_lmElev_outliers.p05.merged.bed
                        ZAnc/results/HILO_MAIZE55_PARV50/K3/Ne10000_yesBoot/mexicana_pos_lmElev_outliers.perc05.bed
                        ZAnc/results/HILO_MAIZE55_PARV50/K3/Ne10000_yesBoot/mexicana_pos_lmElev_outliers.perc05.merged.bed
                        # I deleted the above so that they would rerun saving not only chr start end but slope as well.
                        hilo$ snakemake all --profile slurm --quiet
                        Job counts:
                                count   jobs
                                1       all
                                12      calc_overlap
                                2       make_bed_slope_elev
                                2       map_lmElev_domestication_genes
                                12      merge_bed_outliers
                                1       summarise_overlap_flowering_time
                                30 # 7.21.2021 .. hmm...didn't look like it was doing anything
                                # so I cancelled and restarted but doesn't look like it accomplished any jobs..
                                hilo$ snakemake all --profile slurm --quiet
Job counts:
        count   jobs
        1       all
        12      calc_overlap
        2       make_bed_slope_elev
        2       map_lmElev_domestication_genes
        12      merge_bed_outliers
        1       summarise_overlap_flowering_time
        30 # ok error was in the r script make_Bed_slope_elev and i've fixed it.
        # however, remaking these bed files means there are other files with the inversion at mhl1 that are also getting redone:
        hilo$ snakemake all --profile slurm --quiet
        Job counts:
                count   jobs
                1       all
                12      calc_overlap
                1       get_GL_mhl1_inv
                1       get_mhl1_inv_coord
                2       map_lmElev_domestication_genes
                10      merge_bed_outliers
                1       plot_mhl1_inv
                1       plot_mhl1_inv_PCAngsd
                1       run_PCAngsd_mhl1_inv
                1       summarise_overlap_flowering_time
                31 # 7.21.2021. completed. no updates for hilo_manuscript because the plots didn't change even though it forced a rerun.
                Get slope across elevation for sugary1 = 0.95 increase over 1km (5% FDR, see domestication_scan/results/HILO_MAIZE55_PARV50/K3/Ne10000_yesBoot/domestication_genes_from_lit.plus20kb.maize_pos_lmElev_outliers.fdr05.slopes.bed)
# added scripts to get pi within the inversion at mhl1:
hilo$ snakemake all --profile slurm --quiet
Job counts:
        count   jobs
        1       all
        4       calc_pi_all_chr
        4       calc_thetas_inv
        4       estimate_saf_inv
        4       estimate_sfs_inv
        1       get_sample_list_mhl1_inv
        18 # RUNNING 7.21.2021. hmm error is in thetas but really sfs is an empty file and the saf for maize_cluster/maize didn't end properly:
        gzip: mhl1_inv/results/HILO_MAIZE55_PARV50/K3/Ne10000_yesBoot/maize_cluster/maize.saf.gz: unexpected end of file
        # it's because of a difference in bam headers: Difference in BAM headers for 'filtered_bams/results/Maize55/MAIZE1.sort.dedup.bam' and 'filtered_bams/merged_bams/HILO154.sort.dedup.bam'
        # really it's ok that they differ because what's different is the order of non-chromosomal contigs that come after the chromosomes (wether mt/pt come before or after the other contigs).
        # so I'll add a line to ignore the headers and repeat.

        hilo$ rm mhl1_inv/results/HILO_MAIZE55_PARV50/K3/Ne10000_yesBoot/maize_cluster/maize.saf.*
        hilo$ rm mhl1_inv/results/HILO_MAIZE55_PARV50/K3/Ne10000_yesBoot/maize_cluster/maize.sfs
        hilo$ snakemake all --profile slurm --quiet
        Job counts:
            count   jobs
            1       all
            1       calc_pi_inv
            1       calc_thetas_inv
            1       estimate_saf_inv
            1       estimate_sfs_inv
            5 # COMPLETED. 7.21.2021. now summarising in 1 file:
            hilo$ snakemake all --profile slurm --quiet
            Job counts:
                    count   jobs
                    1       all
                    1       summarise_pi_inv
                    2 # 7.21.2021 completed.
# simplified axes for heatmaps of within ancestry fst. remaking those plots:
(hilo-env) ecalfee@c6-93:~/hilo$ ls diversity/plots/HILO_MAIZE55_PARV50_K3_Ne10000_yesBoot_fst_within_*_heatmap_*.png
diversity/plots/HILO_MAIZE55_PARV50_K3_Ne10000_yesBoot_fst_within_maize_or_mexicana_ancestry_genomewide_heatmap_both.png
diversity/plots/HILO_MAIZE55_PARV50_K3_Ne10000_yesBoot_fst_within_parviglumis_ancestry_genomewide_heatmap_both.png
(hilo-env) ecalfee@c6-93:~/hilo$ rm diversity/plots/HILO_MAIZE55_PARV50_K3_Ne10000_yesBoot_fst_within_*_heatmap_*.png
hilo$ snakemake all --profile slurm --quiet
Job counts:
        count   jobs
        1       all
        1       plot_within_ancestry_fst
        2 # COMPLETED 8.11.2021

# response to reviews 9.14.2021:
# remaking Fig 3 with population labels:
$ rm diversity/plots/HILO_MAIZE55_PARV50_K3_Ne10000_yesBoot_fst_within_maize_or_mexicana_ancestry_genomewide_heatmap_both.png
hilo$ snakemake all --profile slurm --quiet
Job counts:
        count   jobs
        1       all
        1       plot_within_ancestry_fst
        2 # completed.
# combined pi within maize and mexicana ancestry into 1 figure:
(S4 Fig) diversity/plots/HILO_MAIZE55_PARV50_K3_Ne10000_yesBoot_pi_within_ancestry_peaks.png
hilo$ snakemake -n all --profile slurm --quiet
Job counts:
        count   jobs
        1       all
        1       plot_within_ancestry_fst_pi_peaks
        2 # completed
# combine combmatrix peak sharing plots for maize and mexicana into 1 supp figure:
hilo$ snakemake ZAnc/plots/HILO_MAIZE55_PARV50_K3_Ne10000_yesBoot_combmatrix_peak_sharing.png --profile slurm --quiet
Job counts:
        count   jobs
        1       plot_shared_peaks
        1 # COMPLETED
# make all f4 plots 1 figure, e.g. f4_sympatric_maize_pop22_byr5.png
hilo$ snakemake -n ancestry_by_r/plots/f4_multi.png --profile slurm --quiet
Job counts:
        count   jobs
        2       calc_and_plot_f4
        1       combine_f4_plots
        3 # need to rerun combine_f4_plots because of typo in output lzw file


# to do:
add Figshare files. update readme of 'wavelets to explain alleleFreq files'
